#-----------------------------------------------------------
# Vivado v2023.1 (64-bit)
# SW Build 3865809 on Sun May  7 15:04:56 MDT 2023
# IP Build 3864474 on Sun May  7 20:36:21 MDT 2023
# SharedData Build 3865790 on Sun May 07 13:33:03 MDT 2023
# Start of session at: Fri May 31 14:19:22 2024
# Process ID: 264330
# Current directory: /home/barnavon/Bureau/4A/Projet_Sys_Info/Projet-Systeme-Informatique/Pipeline/Pipeline.runs/impl_1
# Command line: vivado -log Instruction_memory.vdi -applog -product Vivado -messageDb vivado.pb -mode batch -source Instruction_memory.tcl -notrace
# Log file: /home/barnavon/Bureau/4A/Projet_Sys_Info/Projet-Systeme-Informatique/Pipeline/Pipeline.runs/impl_1/Instruction_memory.vdi
# Journal file: /home/barnavon/Bureau/4A/Projet_Sys_Info/Projet-Systeme-Informatique/Pipeline/Pipeline.runs/impl_1/vivado.jou
# Running On: srv-tp05, OS: Linux, CPU Frequency: 800.016 MHz, CPU Physical cores: 32, Host memory: 134750 MB
#-----------------------------------------------------------
source Instruction_memory.tcl -notrace
