#-----------------------------------------------------------
# Vivado v2023.1 (64-bit)
# SW Build 3865809 on Sun May  7 15:04:56 MDT 2023
# IP Build 3864474 on Sun May  7 20:36:21 MDT 2023
# SharedData Build 3865790 on Sun May 07 13:33:03 MDT 2023
# Start of session at: Wed May 22 08:14:00 2024
# Process ID: 5692
# Current directory: /home/barnavon/Bureau/4A/Projet_Sys_Info/Projet-Systeme-Informatique/ALU/ALU.runs/impl_1
# Command line: vivado -log Instruction_memory.vdi -applog -product Vivado -messageDb vivado.pb -mode batch -source Instruction_memory.tcl -notrace
# Log file: /home/barnavon/Bureau/4A/Projet_Sys_Info/Projet-Systeme-Informatique/ALU/ALU.runs/impl_1/Instruction_memory.vdi
# Journal file: /home/barnavon/Bureau/4A/Projet_Sys_Info/Projet-Systeme-Informatique/ALU/ALU.runs/impl_1/vivado.jou
# Running On: insa-20932, OS: Linux, CPU Frequency: 3641.952 MHz, CPU Physical cores: 6, Host memory: 16434 MB
#-----------------------------------------------------------
source Instruction_memory.tcl -notrace
